---
source: crates/gwt-tui/tests/snapshot_e2e.rs
expression: output
---
┌Management────────────────┐  ▶ Shell
│ Branches │ Specs │ Issues│┌Shell─────────────────────────────────────────────┐
└──────────────────────────┘│Session: Shell (80x24)                            │
┌Logs──────────────────────┐│                                                  │
│ All │ Error │ Warn+ │ Inf││                                                  │
└──────────────────────────┘│                                                  │
┌──────────────────────────┐│                                                  │
│No log entries            ││                                                  │
│                          ││                                                  │
│                          ││                                                  │
│                          ││                                                  │
│                          ││                                                  │
│                          ││                                                  │
│                          ││                                                  │
│                          ││                                                  │
│                          ││                                                  │
│                          ││                                                  │
│                          ││                                                  │
│                          ││                                                  │
│                          ││                                                  │
│                          ││                                                  │
│                          ││                                                  │
│                          │└──────────────────────────────────────────────────┘
└──────────────────────────┘ ▣ Shell  [Mgmt]  /tmp/test-repo  Ctrl+G,? Help
