---
source: crates/gwt-tui/tests/snapshot_e2e.rs
expression: output
---
┏ Branches ━━━━━━━━━━━━━━━━━━━━━━━━━━━━┓╭ › Shell ─────────────────────────────╮
┃ View: All │ Sort: Default            ┃│Session: Shell (80x24)                │
┃No branches loaded                    ┃│                                      │
┃                                      ┃│                                      │
┃                                      ┃│                                      │
┃                                      ┃│                                      │
┃                                      ┃│                                      │
┃                                      ┃│                                      │
┃                                      ┃│                                      │
┃                                      ┃│                                      │
┃                                      ┃│                                      │
┗━━━━━━━━━━━━━━━━━━━━━━━━━━━━━━━━━━━━━━┛│                                      │
╭ Overview │ SPECs │ Git │ Sessions  · ╮│                                      │
│ No branch selected                   ││                                      │
│                                      ││                                      │
│ Docker status                        ││                                      │
│ No containers found                  ││                                      │
│                                      ││                                      │
│                                      ││                                      │
│                                      ││                                      │
│                                      ││                                      │
│                                      ││                                      │
╰──────────────────────────────────────╯╰──────────────────────────────────────╯
 ▣ Sh  │  ⎇n/a  │  [G]  │  ↑↓ mv  ←→ tab  ↵ wiz  S↵ sh  Sp dtl  ^C del  mvf?  Es
