---
source: crates/gwt-tui/tests/snapshot_e2e.rs
expression: output
---
╔...│ Versions │ Settings │ Logs ══════╗╭ › Shell ─────────────────────────────╮
║ General │ Worktree │ Agent │ Custom A║│Session: Shell (80x24)                │
║No settings in this category          ║│                                      │
║                                      ║│                                      │
║                                      ║│                                      │
║                                      ║│                                      │
║                                      ║│                                      │
║                                      ║│                                      │
║                                      ║│                                      │
║                                      ║│                                      │
║                                      ║│                                      │
║                                      ║│                                      │
║                                      ║│                                      │
║                                      ║│                                      │
║                                      ║│                                      │
║                                      ║│                                      │
║                                      ║│                                      │
║                                      ║│                                      │
║                                      ║│                                      │
║                                      ║│                                      │
║                                      ║│                                      │
║                                      ║│                                      │
╚══════════════════════════════════════╝╰──────────────────────────────────────╯
 ⎇n/a  │  P:default  │  ↑↓ sel  ↵ apply  Sp tog  [] cat  C-g Tab  Esc t  C-g ?
