---
source: crates/gwt-tui/tests/snapshot_e2e.rs
expression: output
---
┌...│ Versions │ Settings │ Logs ──────┐┌ › Shell ─────────────────────────────┐
│ All │ Error │ Warn+ │ Info+ │ Debug+ ││Session: Shell (80x24)                │
│ Enter: detail | r: refresh           ││                                      │
│2026-04-03 02:43:22.996912 UTC [ERROR]││                                      │
│2026-04-03 02:43:22.996912 UTC [WARN] ││                                      │
│2026-04-03 02:43:22.996912 UTC [INFO] ││                                      │
│2026-04-03 02:43:22.996912 UTC [DEBUG]││                                      │
│                                      ││                                      │
│                                      ││                                      │
│                                      ││                                      │
│                                      ││                                      │
│                                      ││                                      │
│                                      ││                                      │
│                                      ││                                      │
│                                      ││                                      │
│                                      ││                                      │
│                                      ││                                      │
│                                      ││                                      │
│                                      ││                                      │
│                                      ││                                      │
│                                      ││                                      │
│                                      ││                                      │
└──────────────────────────────────────┘└──────────────────────────────────────┘
 ⎇n/a  │  P:default  │  ↑↓ sel  ↵ dtl  f next  d dbg  r rfsh  C-←→ flt  Esc term
