---
source: crates/gwt-tui/tests/snapshot_e2e.rs
expression: output
---
┌ Branches │ Issues │ PRs │ Profiles │ ┐┌ ▶ Shell ─────────────────────────────┐
│ View: All │ Sort: Default            ││Session: Shell (80x24)                │
│── Main ──                            ││                                      │
│* [L] main                            ││                                      │
│── Feature ──                         ││                                      │
│  [L] feature/api                     ││                                      │
│  [L] feature/app-shell               ││                                      │
│── Other ──                           ││                                      │
│  [R] origin/release/1.0              ││                                      │
│                                      ││                                      │
│                                      ││                                      │
└──────────────────────────────────────┘│                                      │
┌ Overview │ SPECs │ Git │ Sessions ───┐│                                      │
│Overview                              ││                                      │
│ Branch: main (HEAD)                  ││                                      │
│ Category: Main                       ││                                      │
│ Type: Local                          ││                                      │
│                                      ││                                      │
│ Docker status                        ││                                      │
│ No containers found                  ││                                      │
│                                      ││                                      │
│                                      ││                                      │
└──────────────────────────────────────┘└──────────────────────────────────────┘
↑↓:select  ←→:tab  Ctrl+←→:sub-tab  Enter:action  Tab:focus  ?:help
