---
source: crates/gwt-tui/tests/snapshot_e2e.rs
expression: output
---
┌ Issues ──────────────────────────────┐┌ ▶ Shell ─────────────────────────────┐
│Issues                                ││Session: Shell (80x24)                │
│ Issues (0/0)  | Press '/' to search  ││                                      │
│                                      ││                                      │
│No issues loaded                      ││                                      │
│                                      ││                                      │
│                                      ││                                      │
│                                      ││                                      │
│                                      ││                                      │
│                                      ││                                      │
│                                      ││                                      │
│                                      ││                                      │
│                                      ││                                      │
│                                      ││                                      │
│                                      ││                                      │
│                                      ││                                      │
│                                      ││                                      │
│                                      ││                                      │
│                                      ││                                      │
│                                      ││                                      │
│                                      ││                                      │
│                                      ││                                      │
└──────────────────────────────────────┘└──────────────────────────────────────┘
 ▣ Sh  br:n/a  [G]  ↑↓ sel  ↵ dtl  / srch  r rfsh  Tab pane  Esc term  ?
