---
source: crates/gwt-tui/tests/snapshot_e2e.rs
assertion_line: 304
expression: output
---
╔...│ Versions │ Settings │ Logs ══════╗╭ › Shell ─────────────────────────────╮
║ General │ Worktree │ Agent │ Custom A║│Session: Shell (80x24)                │
║No settings in this category          ║│                                      │
║                                      ║│                                      │
║                                      ║│                                      │
║                                      ║│                                      │
║                                      ║│                                      │
║                                      ║│                                      │
║                                      ║│                                      │
║                                      ║│                                      │
║                                      ║│                                      │
║                                      ║│                                      │
║                                      ║│                                      │
║                                      ║│                                      │
║                                      ║│                                      │
║                                      ║│                                      │
║                                      ║│                                      │
║                                      ║│                                      │
║                                      ║│                                      │
║                                      ║│                                      │
║                                      ║│                                      │
║                                      ║│                                      │
╚══════════════════════════════════════╝╰──────────────────────────────────────╯
 ⎇n/a  │  P:default  │  ↑↓ sel  ↵ edit  Sp tog  [] cat  S save  C-g Tab  Esc t
