---
source: crates/gwt-tui/tests/snapshot_e2e.rs
expression: output
---
┌ Branches │ Specs │ Issues │...───────────────┐┌ ▶ Shell ─────────────────────────────────────────────────────────────┐
│ View: All │ Sort: Default                    ││Session: Shell (80x24)                                                │
│No branches loaded                            ││                                                                      │
│                                              ││                                                                      │
│                                              ││                                                                      │
│                                              ││                                                                      │
│                                              ││                                                                      │
│                                              ││                                                                      │
│                                              ││                                                                      │
│                                              ││                                                                      │
│                                              ││                                                                      │
│                                              ││                                                                      │
│                                              ││                                                                      │
│                                              ││                                                                      │
│                                              ││                                                                      │
│                                              ││                                                                      │
│                                              ││                                                                      │
│                                              ││                                                                      │
│                                              ││                                                                      │
└──────────────────────────────────────────────┘│                                                                      │
┌ Overview │ SPECs │ Git │ Sessions  · No branc┐│                                                                      │
│ No branch selected                           ││                                                                      │
│                                              ││                                                                      │
│ Docker status                                ││                                                                      │
│ No containers found                          ││                                                                      │
│                                              ││                                                                      │
│                                              ││                                                                      │
│                                              ││                                                                      │
│                                              ││                                                                      │
│                                              ││                                                                      │
│                                              ││                                                                      │
│                                              ││                                                                      │
│                                              ││                                                                      │
│                                              ││                                                                      │
│                                              ││                                                                      │
│                                              ││                                                                      │
│                                              ││                                                                      │
│                                              ││                                                                      │
└──────────────────────────────────────────────┘└──────────────────────────────────────────────────────────────────────┘
 ▣ Shell  branch: n/a  type: Shell  [Mgmt]  /tmp/test-repo  ↑↓:move  ←→:tab  Enter:wizard  Shift+Enter:shell  Space:deta
