---
source: crates/gwt-tui/tests/snapshot_e2e.rs
expression: output
---
┌ ▶ Shell ─────────────────────────────────────────────────────────────────────┐
│Session: Shell (80x24)                                                        │
│                                                                              │
│                                                                              │
│                                                                              │
│                                                                              │
│                                                                              │
│                                                                              │
│                                                                              │
│                                                                              │
│                                                                              │
│                                                                              │
│                                                                              │
│                                                                              │
│                                                                              │
│                                                                              │
│                                                                              │
│                                                                              │
│                                                                              │
│                                                                              │
│                                                                              │
│                                                                              │
└──────────────────────────────────────────────────────────────────────────────┘
↑↓:move  ←→:tab  Enter:wizard  Shift+Enter:shell  Space:detail  Ctrl+C:delete  T
