---
source: crates/gwt-tui/tests/snapshot_e2e.rs
expression: output
---

          ╔═════════════════ gwt — Clone Repository ═════════════════╗
          ║   Enter a repository URL to clone into this directory.   ║
          ║                                                          ║
          ║                                                          ║
          ║Repository URL:                                           ║
          ║┌────────────────────────────────────────────────────────┐║
          ║│█                                                       │║
          ║└────────────────────────────────────────────────────────┘║
          ║                                                          ║
          ║                   Enter Clone  Esc Exit                  ║
          ║                                                          ║
          ║                                                          ║
          ║                                                          ║
          ╚══════════════════════════════════════════════════════════╝
