---
source: crates/gwt-tui/tests/snapshot_e2e.rs
expression: output
---
 GWT v8.17.2 | /tmp/test-repo | 0 branch┌ ▶ Shell ─────────────────────────────┐
┌ Branches │ Issues │ PRs │ Profiles │ ┐│Session: Shell (80x24)                │
│ All │ Error │ Warn+ │ Info+ │ Debug+ ││                                      │
│No log entries                        ││                                      │
│                                      ││                                      │
│                                      ││                                      │
│                                      ││                                      │
│                                      ││                                      │
│                                      ││                                      │
│                                      ││                                      │
│                                      ││                                      │
│                                      ││                                      │
│                                      ││                                      │
│                                      ││                                      │
│                                      ││                                      │
│                                      ││                                      │
│                                      ││                                      │
│                                      ││                                      │
│                                      ││                                      │
│                                      ││                                      │
│                                      ││                                      │
│                                      ││                                      │
└──────────────────────────────────────┘└──────────────────────────────────────┘
↑↓:select  ←→:tab  Ctrl+←→:sub-tab  Enter:action  Tab:focus  ?:help
