---
source: crates/gwt-tui/tests/snapshot_e2e.rs
expression: output
---
┌ Branches │ Issues │ PRs │ Profiles │ ┐  ▶ Shell
│┌Issues──────────────────────────────┐│┌Shell─────────────────────────────────┐
││ Issues (0/0)  | Press '/' to search│││Session: Shell (80x24)                │
│└────────────────────────────────────┘││                                      │
│┌────────────────────────────────────┐││                                      │
││No issues loaded                    │││                                      │
││                                    │││                                      │
││                                    │││                                      │
││                                    │││                                      │
││                                    │││                                      │
││                                    │││                                      │
││                                    │││                                      │
││                                    │││                                      │
││                                    │││                                      │
││                                    │││                                      │
││                                    │││                                      │
││                                    │││                                      │
││                                    │││                                      │
││                                    │││                                      │
││                                    │││                                      │
││                                    │││                                      │
││                                    │││                                      │
│└────────────────────────────────────┘│└──────────────────────────────────────┘
└──────────────────────────────────────┘ ▣ Shell  [Mgmt]  /tmp/test-repo  Ctrl+G
