---
source: crates/gwt-tui/tests/snapshot_e2e.rs
expression: output
---
┌ Branches │ Specs │ Issues │ PRs │ Pro┐┌ ▶ Shell ─────────────────────────────┐
│ View: All │ Sort: Default            ││Session: Shell (80x24)                │
│┌────────────────────────────────────┐││                                      │
││No branches loaded                  │││                                      │
││                                    │││                                      │
││                                    │││                                      │
││                                    │││                                      │
││                                    │││                                      │
││              ┌Error─────────────────────────────────────────┐               │
││              │Something went wrong                          │               │
││              │                                              │               │
│└──────────────│Press Enter or Esc to dismiss                 │               │
│┌ Overview │ SP│                                              │               │
││Overview      │                                              │               │
││ No branch sel└──────────────────────────────────────────────┘               │
││                                    │││                                      │
││                                    │││                                      │
││                                    │││                                      │
││                                    │││                                      │
││                                    │││                                      │
││                                    │││                                      │
││                                    │││                                      │
│└────────────────────────────────────┘│└──────────────────────────────────────┘
└──────────────────────────────────────┘ ▣ Shell  [Mgmt]  /tmp/test-repo  Ctrl+G
