---
source: crates/gwt-tui/tests/snapshot_e2e.rs
assertion_line: 340
expression: output
---

          ╔═════════════════ gwt — Clone Repository ═════════════════╗
          ║                         ╭─ gwt ─╮                        ║
          ║                         │ ◆ ◇ ◆ │                        ║
          ║                         ╰───────╯                        ║
          ║                                                          ║
          ║   Enter a repository URL to clone into this directory.   ║
          ║                                                          ║
          ║                                                          ║
          ║Repository URL:                                           ║
          ║╭────────────────────────────────────────────────────────╮║
          ║│█                                                       │║
          ║╰────────────────────────────────────────────────────────╯║
          ║                                                          ║
          ║                   Enter Clone  Esc Exit                  ║
          ║                                                          ║
          ║                                                          ║
          ╚══════════════════════════════════════════════════════════╝
