---
source: crates/gwt-tui/tests/snapshot_e2e.rs
expression: output
---
┌...│ Versions │ Settings │ Logs ──────┐┌ › Shell ─────────────────────────────┐
│ General │ Worktree │ Agent │ Custom A││Session: Shell (80x24)                │
│General Enter: edit | Space: toggle bo││                                      │
│[T] Theme: dark                       ││                                      │
│[T] Language: en                      ││                                      │
│[B] Auto-save: true                   ││                                      │
│[T] Log level: info                   ││                                      │
│                                      ││                                      │
│                                      ││                                      │
│                                      ││                                      │
│                                      ││                                      │
│                                      ││                                      │
│                                      ││                                      │
│                                      ││                                      │
│                                      ││                                      │
│                                      ││                                      │
│                                      ││                                      │
│                                      ││                                      │
│                                      ││                                      │
│                                      ││                                      │
│                                      ││                                      │
│                                      ││                                      │
└──────────────────────────────────────┘└──────────────────────────────────────┘
 ▣ Sh  │  ⎇n/a  │  [G]  │  ↑↓ sel  ↵ edit  Sp tog  C-←→ sub  S save  Tab pane  E
