---
source: crates/gwt-tui/tests/snapshot_e2e.rs
expression: output
---
┌...│ Git View │ Versions │...─────────┐┌ › Shell ─────────────────────────────┐
│Versions                              ││Session: Shell (80x24)                │
│No version tags found                 ││                                      │
│                                      ││                                      │
│                                      ││                                      │
│                                      ││                                      │
│                                      ││                                      │
│                                      ││                                      │
│                                      ││                                      │
│                                      ││                                      │
│                                      ││                                      │
│                                      ││                                      │
│                                      ││                                      │
│                                      ││                                      │
│                                      ││                                      │
│                                      ││                                      │
│                                      ││                                      │
│                                      ││                                      │
│                                      ││                                      │
│Detail                                ││                                      │
│No tag selected                       ││                                      │
│                                      ││                                      │
└──────────────────────────────────────┘└──────────────────────────────────────┘
 ▣ Sh  │  ⎇n/a  │  [G]  │  ↑↓ mv  r rfsh  Tab pane  Esc term  ?
