---
source: crates/gwt-tui/tests/snapshot_e2e.rs
expression: output
---
┌Management────────────────┐  ▶ Shell
│ Branches │ Specs │ Issues│┌Shell─────────────────────────────────────────────┐
└──────────────────────────┘│Session: Shell (80x24)                            │
┌PR Dashboard──────────────┐│                                                  │
│No pull requests loaded   ││                                                  │
│                          ││                                                  │
│                          ││                                                  │
│                          ││                                                  │
│                          ││                                                  │
│                          ││                                                  │
│                          ││                                                  │
│                          ││                                                  │
│                          ││                                                  │
│                          ││                                                  │
│                          ││                                                  │
│                          ││                                                  │
│                          ││                                                  │
│                          ││                                                  │
│                          ││                                                  │
│                          ││                                                  │
│                          ││                                                  │
│                          ││                                                  │
│                          │└──────────────────────────────────────────────────┘
└──────────────────────────┘ ▣ Shell  [Mgmt]  /tmp/test-repo  Ctrl+G,? Help
