---
source: crates/gwt-tui/tests/snapshot_e2e.rs
assertion_line: 328
expression: output
---
 GWT v8.17.2 | /tmp/test-repo | 0 branch┌ ▶ Shell ─────────────────────────────┐
┌ Branches │ Specs │ Issues │ PRs │ Pro┐│Session: Shell (80x24)                │
│Profiles                              ││                                      │
│No profiles. Press 'c' to create one. ││                                      │
│                                      ││                                      │
│                                      ││                                      │
│                                      ││                                      │
│                                      ││                                      │
│                                      ││                                      │
│                                      ││                                      │
│                                      ││                                      │
│                                      ││                                      │
│                                      ││                                      │
│                                      ││                                      │
│                                      ││                                      │
│                                      ││                                      │
│                                      ││                                      │
│                                      ││                                      │
│                                      ││                                      │
│                                      ││                                      │
│                                      ││                                      │
│                                      ││                                      │
└──────────────────────────────────────┘└──────────────────────────────────────┘
 ▣ Shell  branch: n/a  type: Shell  [Mgmt]  /tmp/test-repo  ↑↓:select  ←→:tab  C
