---
source: crates/gwt-tui/tests/snapshot_e2e.rs
expression: output
---
┌ Branches │ Issues │ PRs │ Profiles │ ┐┌ ▶ Shell ─────────────────────────────┐
│┌PR Dashboard────────────────────────┐││Session: Shell (80x24)                │
││No pull requests loaded             │││                                      │
││                                    │││                                      │
││                                    │││                                      │
││                                    │││                                      │
││                                    │││                                      │
││                                    │││                                      │
││                                    │││                                      │
││                                    │││                                      │
││                                    │││                                      │
││                                    │││                                      │
││                                    │││                                      │
││                                    │││                                      │
││                                    │││                                      │
││                                    │││                                      │
││                                    │││                                      │
││                                    │││                                      │
││                                    │││                                      │
││                                    │││                                      │
││                                    │││                                      │
││                                    │││                                      │
│└────────────────────────────────────┘│└──────────────────────────────────────┘
└──────────────────────────────────────┘ ▣ Shell  [Mgmt]  /tmp/test-repo  Ctrl+G
