---
source: crates/gwt-tui/tests/snapshot_e2e.rs
expression: output
---
┌ Branches │ Issues │ PRs │ Profiles │ ┐┌ ▶ Shell ─────────────────────────────┐
│ All │ Error │ Warn+ │ Info+ │ Debug+ ││Session: Shell (80x24)                │
│No log entries                        ││                                      │
│                                      ││                                      │
│                                      ││                                      │
│                                      ││                                      │
│                                      ││                                      │
│                                      ││                                      │
│                                      ││                                      │
│                                      ││                                      │
│                                      ││                                      │
│                                      ││                                      │
│                                      ││                                      │
│                                      ││                                      │
│                                      ││                                      │
│                                      ││                                      │
│                                      ││                                      │
│                                      ││                                      │
│                                      ││                                      │
│                                      ││                                      │
│                                      ││                                      │
│                                      ││                                      │
│                                      │└──────────────────────────────────────┘
└──────────────────────────────────────┘ ▣ Shell  [Mgmt]  /tmp/test-repo  Ctrl+G
