---
source: crates/gwt-tui/tests/snapshot_e2e.rs
expression: output
---
┌ Branches │ Specs │ Issues │ PRs │ Pro┐┌ ▶ Shell ─────────────────────────────┐
│ General │ Worktree │ Agent │ Custom A││Session: Shell (80x24)                │
│General Enter: edit | Space: toggle bo││                                      │
│[T] Theme: dark                       ││                                      │
│[T] Language: en                      ││                                      │
│[B] Auto-save: true                   ││                                      │
│[T] Log level: info                   ││                                      │
│                                      ││                                      │
│                                      ││                                      │
│                                      ││                                      │
│                                      ││                                      │
│                                      ││                                      │
│                                      ││                                      │
│                                      ││                                      │
│                                      ││                                      │
│                                      ││                                      │
│                                      ││                                      │
│                                      ││                                      │
│                                      ││                                      │
│                                      ││                                      │
│                                      ││                                      │
│                                      ││                                      │
└──────────────────────────────────────┘└──────────────────────────────────────┘
 ▣ Sh  br:n/a  [G]  ↑↓ sel  ←→ tab  C-←→ sub  ↵ act  Tab pane  Esc term  ?
