---
source: crates/gwt-tui/tests/snapshot_e2e.rs
assertion_line: 415
expression: output
---
┌Shell─────────────────────────────────────────────────────────────────────────┐
│                                                                              │
│                                                                              │
│                                                                              │
│                                                                              │
│                                                                              │
│                                                                              │
│                                                                              │
│                                                                              │
│                                                                              │
│                                                                              │
│                                                                              │
│                                                                              │
│                                                                              │
│                                                                              │
│                                                                              │
│                                                                              │
│                                                                              │
│                                                                              │
│                                                                              │
│                                                                              │
│                                                                              │
└──────────────────────────────────────────────────────────────────────────────┘
 ▦ Shell  branch: n/a  type: Shell  [Main]  /tmp/test-repo  ↑↓:move  ←→:tab  Ent
