---
source: crates/gwt-tui/tests/snapshot_e2e.rs
expression: output
---
 gwt | test-repo | Ver:pane | 0b┌ ▶ Shell ─────────────────────────────────────┐
┌ Branches │ Specs │ Issues │ P┐│Session: Shell (80x24)                        │
│Versions                      ││                                              │
│No version tags found         ││                                              │
│                              ││                                              │
│                              ││                                              │
│                              ││                                              │
│                              ││                                              │
│                              ││                                              │
│                              ││                                              │
│                              ││                                              │
│                              ││                                              │
│                              ││                                              │
│                              ││                                              │
│                              ││                                              │
│                              ││                                              │
│                              ││                                              │
│                              ││                                              │
│                              ││                                              │
│Detail                        ││                                              │
│No tag selected               ││                                              │
│                              ││                                              │
└──────────────────────────────┘└──────────────────────────────────────────────┘
 ▣ Shell  branch: n/a  type: Shell  [Mgmt]  /tmp/test-repo  ↑↓:select  ←→:tab  C
