---
source: crates/gwt-tui/tests/snapshot_e2e.rs
expression: output
---
 gwt | test-repo | Br:list | 0b/0w      ┌ ▶ Shell ─────────────────────────────┐
┌ Branches │ Specs │ Issues │ PRs │ Pro┐│Session: Shell (80x24)                │
│ View: All │ Sort: Default            ││                                      │
│No branches loaded                    ││                                      │
│                                      ││                                      │
│                                      ││                                      │
│                                      ││                                      │
│                                      ││                                      │
│               ┌Error─────────────────────────────────────────┐               │
│               │Something went wrong                          │               │
│               │                                              │               │
└───────────────│Press Enter or Esc to dismiss                 │               │
┌ Overview │ SPE│                                              │               │
│Overview       │                                              │               │
│ No branch sele└──────────────────────────────────────────────┘               │
│                                      ││                                      │
│ Docker status                        ││                                      │
│ No containers found                  ││                                      │
│                                      ││                                      │
│                                      ││                                      │
│                                      ││                                      │
│                                      ││                                      │
└──────────────────────────────────────┘└──────────────────────────────────────┘
 ▣ Shell  branch: n/a  type: Shell  [Mgmt]  /tmp/test-repo  ↑↓:move  ←→:tab  Ent
