---
source: crates/gwt-tui/tests/snapshot_e2e.rs
assertion_line: 488
expression: output
---
 GWT v8.17.2 | /tmp/test-repo | 0 branches (0 worktrees)    ┌ ▶ Shell ─────────────────────────────────────────────────┐
┌ Branches │ Specs │ Issues │ PRs │ Profiles │ Git View │ V┐│Session: Shell (80x24)                                    │
│ View: All │ Sort: Default                                ││                                                          │
│No branches loaded                                        ││                                                          │
│                                                          ││                                                          │
│                                                          ││                                                          │
│                                                          ││                                                          │
│                                                          ││                                                          │
│                                                          ││                                                          │
│                                                          ││                                                          │
│                                                          ││                                                          │
│                                                          ││                                                          │
│                                                          ││                                                          │
│                                                          ││                                                          │
│                                                          ││                                                          │
│                                                          ││                                                          │
│                                                          ││                                                          │
│                                                          ││                                                          │
│                                                          ││                                                          │
└──────────────────────────────────────────────────────────┘│                                                          │
┌ Overview │ SPECs │ Git │ Sessions ───────────────────────┐│                                                          │
│Overview                                                  ││                                                          │
│ No branch selected                                       ││                                                          │
│                                                          ││                                                          │
│ Docker status                                            ││                                                          │
│ No containers found                                      ││                                                          │
│                                                          ││                                                          │
│                                                          ││                                                          │
│                                                          ││                                                          │
│                                                          ││                                                          │
│                                                          ││                                                          │
│                                                          ││                                                          │
│                                                          ││                                                          │
│                                                          ││                                                          │
│                                                          ││                                                          │
│                                                          ││                                                          │
│                                                          ││                                                          │
│                                                          ││                                                          │
└──────────────────────────────────────────────────────────┘└──────────────────────────────────────────────────────────┘
↑↓:move  ←→:tab  Enter:wizard  Shift+Enter:shell  Space:detail  Ctrl+C:delete  m:view  v:git  f:search  ?:help
