---
source: crates/gwt-tui/tests/snapshot_e2e.rs
assertion_line: 776
expression: output
---
 GWT v8.17.2 | /tmp/test-repo | 4 branch┌ ▶ Shell ─────────────────────────────┐
┌ Branches │ Specs │ Issues │ PRs │ Pro┐│Session: Shell (80x24)                │
│ View: All │ Sort: Default            ││                                      │
│main ○ *                              ││                                      │
│feature/api ○                         ││                                      │
│feature/app-shell ○                   ││                                      │
│origin/release/1.0 ○                  ││                                      │
│                                      ││                                      │
│                                      ││                                      │
│                                      ││                                      │
│                                      ││                                      │
└──────────────────────────────────────┘│                                      │
┌ Overview │ SPECs │ Git │ Sessions ───┐│                                      │
│Overview                              ││                                      │
│ Branch: main (HEAD)                  ││                                      │
│ Category: Main                       ││                                      │
│ Type: Local                          ││                                      │
│                                      ││                                      │
│ Docker status                        ││                                      │
│ No containers found                  ││                                      │
│                                      ││                                      │
│                                      ││                                      │
└──────────────────────────────────────┘└──────────────────────────────────────┘
↑↓:move  ←→:tab  Enter:wizard  Shift+Enter:shell  Space:detail  Ctrl+C:delete  m
