---
source: crates/gwt-tui/tests/snapshot_e2e.rs
assertion_line: 495
expression: output
---
 GWT v8.17.2 | /tmp/┌ ▶ Shell ─────────┐
┌ Branches │ Specs ┐│Session: Shell (80│
│ View: All │ Sort:││                  │
│No branches loaded││                  │
│                  ││                  │
│                  ││                  │
│                  ││                  │
└──────────────────┘│                  │
┌ Overview │ SPECs ┐│                  │
│Overview          ││                  │
│ No branch selecte││                  │
│                  ││                  │
│ Docker status    ││                  │
└──────────────────┘└──────────────────┘
 ▣ Shell  branch: n/a  type: Shell  [Mgm
