---
source: crates/gwt-tui/tests/snapshot_e2e.rs
expression: output
---
┌ Branches │ Specs ┐┌ ▶ Shell ─────────┐
│ View: All │ Sort:││Session: Shell (80│
│┌────────────────┐││                  │
││No branches load│││                  │
││                │││                  │
││                │││                  │
││                │││                  │
│└────────────────┘││                  │
│┌ Overview │ SPEC┐││                  │
││Overview        │││                  │
││ No branch selec│││                  │
││                │││                  │
││                │││                  │
│└────────────────┘│└──────────────────┘
└──────────────────┘ ▣ Shell  [Mgmt]  /t
