---
source: crates/gwt-tui/tests/snapshot_e2e.rs
assertion_line: 258
expression: output
---
 GWT v8.17.2 | /tmp/test-repo | 0 branch┌ ▶ Shell ─────────────────────────────┐
┌ Branches │ Specs │ Issues │ PRs │ Pro┐│Session: Shell (80x24)                │
│ All │ Error │ Warn+ │ Info+ │ Debug+ ││                                      │
│ Enter: detail | r: refresh           ││                                      │
│2026-04-03 02:43:22.996912 UTC [ERROR]││                                      │
│2026-04-03 02:43:22.996912 UTC [WARN] ││                                      │
│2026-04-03 02:43:22.996912 UTC [INFO] ││                                      │
│2026-04-03 02:43:22.996912 UTC [DEBUG]││                                      │
│                                      ││                                      │
│                                      ││                                      │
│                                      ││                                      │
│                                      ││                                      │
│                                      ││                                      │
│                                      ││                                      │
│                                      ││                                      │
│                                      ││                                      │
│                                      ││                                      │
│                                      ││                                      │
│                                      ││                                      │
│                                      ││                                      │
│                                      ││                                      │
│                                      ││                                      │
└──────────────────────────────────────┘└──────────────────────────────────────┘
 ▣ Shell  branch: n/a  type: Shell  [Mgmt]  /tmp/test-repo  ↑↓:select  ←→:tab  C
