---
source: crates/gwt-tui/tests/snapshot_e2e.rs
assertion_line: 399
expression: output
---
┌ ▶ Shell ─────────────────────────────────────────────────────────────────────┐
│Session: Shell (80x24)                                                        │
│                                                                              │
│                                                                              │
│                                                                              │
│                                                                              │
│                                                                              │
│                                                                              │
│                                                                              │
│                                                                              │
│                                                                              │
│                                                                              │
│                                                                              │
│                                                                              │
│                                                                              │
│                                                                              │
│                                                                              │
│                                                                              │
│                                                                              │
│                                                                              │
│                                                                              │
│                                                                              │
└──────────────────────────────────────────────────────────────────────────────┘
 ▣ Shell  branch: n/a  type: Shell  [Main]  /tmp/test-repo  ↑↓:move  ←→:tab  Ent
