---
source: crates/gwt-tui/tests/snapshot_e2e.rs
expression: output
---
┏ Branches ━━━━━━━━┓╭ › Shell ─────────╮
┃ View: All │ Sort:┃│Session: Shell (80│
┃No branches loaded┃│                  │
┃                  ┃│                  │
┃                  ┃│                  │
┃                  ┃│                  │
┗━━━━━━━━━━━━━━━━━━┛│                  │
╭ Overview │ SPECs ╮│                  │
│ No branch selecte││                  │
│                  ││                  │
│ Docker status    ││                  │
│ No containers fou││                  │
│                  ││                  │
╰──────────────────╯╰──────────────────╯
 ▣ Sh  │  ⎇n/a  │  [G]  │  ↑↓ mv  ←→ tab
