---
source: crates/gwt-tui/tests/snapshot_e2e.rs
assertion_line: 883
expression: output
---
╔...│ Versions │ Settings │ Logs ══════╗╭ › Shell ─────────────────────────────╮
║ General │ Worktree │ Agent │ Custom A║│Session: Shell (78x21)                │
║General Enter: edit | Space: toggle bo║│                                      │
║[T] Theme: dark                       ║│                                      │
║[T] Language: en                      ║│                                      │
║[B] Auto-save: true                   ║│                                      │
║[T] Log level: info                   ║│                                      │
║                                      ║│                                      │
║                                      ║│                                      │
║                                      ║│                                      │
║                                      ║│                                      │
║                                      ║│                                      │
║                                      ║│                                      │
║                                      ║│                                      │
║                                      ║│                                      │
║                                      ║│                                      │
║                                      ║│                                      │
║                                      ║│                                      │
║                                      ║│                                      │
║                                      ║│                                      │
║                                      ║│                                      │
║                                      ║│                                      │
╚══════════════════════════════════════╝╰──────────────────────────────────────╯
 ⎇n/a  │  P:default  │  ↑↓ sel  ↵ edit  Sp tog  [] cat  S save  C-g Tab  Esc t
