---
source: crates/gwt-tui/tests/snapshot_e2e.rs
assertion_line: 524
expression: output
---
┌Management────────────────────────────┐  ▶ Shell
│ Branches │ Issues │ PRs │ Profiles │ │┌Shell─────────────────────────────────┐
└──────────────────────────────────────┘│Session: Shell (80x24)                │
┌──────────────────────────────────────┐│                                      │
│┌Settings────────────────────────────┐││                                      │
││ General │ Worktree │ Agent │ Custom│││                                      │
│└────────────────────────────────────┘││                                      │
│┌────────────────────────────────────┐││                                      │
││No settings in this category        │││                                      │
││                                    │││                                      │
││                                    │││                                      │
││                                    │││                                      │
││                                    │││                                      │
││                                    │││                                      │
││                                    │││                                      │
││                                    │││                                      │
││                                    │││                                      │
││                                    │││                                      │
││                                    │││                                      │
││                                    │││                                      │
││                                    │││                                      │
││                                    │││                                      │
│└────────────────────────────────────┘│└──────────────────────────────────────┘
└──────────────────────────────────────┘ ▣ Shell  [Mgmt]  /tmp/test-repo  Ctrl+G
