---
source: crates/gwt-tui/tests/snapshot_e2e.rs
assertion_line: 206
expression: output
---
┌Management────────────────────────────┐  ▶ Shell
│ Branches │ Issues │ PRs │ Profiles │ │┌Shell─────────────────────────────────┐
└──────────────────────────────────────┘│Session: Shell (80x24)                │
┌──────────────────────────────────────┐│                                      │
│┌Profiles────────────────────────────┐││                                      │
││No profiles. Press 'c' to create one│││                                      │
││                                    │││                                      │
││                                    │││                                      │
││                                    │││                                      │
││                                    │││                                      │
││                                    │││                                      │
││                                    │││                                      │
││                                    │││                                      │
││                                    │││                                      │
││                                    │││                                      │
││                                    │││                                      │
││                                    │││                                      │
││                                    │││                                      │
││                                    │││                                      │
││                                    │││                                      │
││                                    │││                                      │
││                                    │││                                      │
│└────────────────────────────────────┘│└──────────────────────────────────────┘
└──────────────────────────────────────┘ ▣ Shell  [Mgmt]  /tmp/test-repo  Ctrl+G
