---
source: crates/gwt-tui/tests/snapshot_e2e.rs
expression: output
---
┏ PRs ━━━━━━━━━━━━━━━━━━━━━━━━━━━━━━━━━┓╭ › Shell ─────────────────────────────╮
┃PR Dashboard                          ┃│Session: Shell (80x24)                │
┃No pull requests loaded               ┃│                                      │
┃                                      ┃│                                      │
┃                                      ┃│                                      │
┃                                      ┃│                                      │
┃                                      ┃│                                      │
┃                                      ┃│                                      │
┃                                      ┃│                                      │
┃                                      ┃│                                      │
┃                                      ┃│                                      │
┃                                      ┃│                                      │
┃                                      ┃│                                      │
┃                                      ┃│                                      │
┃                                      ┃│                                      │
┃                                      ┃│                                      │
┃                                      ┃│                                      │
┃                                      ┃│                                      │
┃                                      ┃│                                      │
┃                                      ┃│                                      │
┃                                      ┃│                                      │
┃                                      ┃│                                      │
┗━━━━━━━━━━━━━━━━━━━━━━━━━━━━━━━━━━━━━━┛╰──────────────────────────────────────╯
 ▣ Sh  br:n/a  [G]  ↑↓ sel  ↵ dtl  r rfsh  Tab pane  Esc term  ?
