---
source: crates/gwt-tui/tests/snapshot_e2e.rs
expression: output
---
╔ Welcome ═════════════════════════════════════════════════════════════════════╗
║                                    Welcome                                   ║
║                         No terminal windows are open.                        ║
║           ╭ Commands ────────────────────────────────────────────╮           ║
║           │ Ctrl+G, g               Toggle management panel      │           ║
║           │ Ctrl+G, Tab/Shift+Tab   Cycle focus                  │           ║
║           │ Ctrl+G, ]               Next session                 │           ║
║           │ Ctrl+G, [               Previous session             │           ║
║           │ Ctrl+G, 1-9             Switch to session N          │           ║
║           │ Ctrl+G, arrows          Move active grid session     │           ║
║           │ Ctrl+G, z               Toggle Tab/Grid layout       │           ║
║           │ Ctrl+G, c               New shell session            │           ║
║           │ Ctrl+G, x               Close active session         │           ║
║           │ Ctrl+G, q               Quit                         │           ║
║           │ Ctrl+G, v               Start voice input            │           ║
║           │ Ctrl+G, a               Convert active agent session │           ║
║           │ Ctrl+G, ?               Show help                    │           ║
║           │ Ctrl+G, b               Switch to Branches tab       │           ║
║           │ Ctrl+G, s               Switch to Settings tab       │           ║
║           │ Ctrl+G, i               Switch to Issues tab         │           ║
║           │ Ctrl+C, Ctrl+C          Quit                         │           ║
║           ╰──────────────────────────────────────────────────────╯           ║
╚══════════════════════════════════════════════════════════════════════════════╝
 ⎇n/a  │  P:default  │  C-g,c shell  C-g,g manage  ?:help
