---
source: crates/gwt-tui/tests/snapshot_e2e.rs
expression: output
---
  ▶ Shell
┌Shell─────────────────────────────────────────────────────────────────────────┐
│Session: Shell (80x24)                                                        │
│                                                                              │
│                                                                              │
│                                                                              │
│                                                                              │
│                                                                              │
│                                                                              │
│                   ┌Error─────────────────────────────────┐                   │
│                   │Something went wrong                  │                   │
│                   │                                      │                   │
│                   │                                      │                   │
│                   └──────────────────────────────────────┘                   │
│                                                                              │
│                                                                              │
│                                                                              │
│                                                                              │
│                                                                              │
│                                                                              │
│                                                                              │
│                                                                              │
└──────────────────────────────────────────────────────────────────────────────┘
 ▣ Shell  [Main]  /tmp/test-repo  Ctrl+G,? Help
